
Running 1 test using 1 worker

[1A[2K[1/1] [chromium] ΓÇ║ tests\ui-tests\OrangeHrm.test.ts:37:7 ΓÇ║ OrangeHRM Login Test ΓÇ║ Add new employee and verify in employee list
